[
  {"type":"LiteralString","value":"\"Array\""},
  {"type":"TextWhitespace","value":" "},
  {"type":"Keyword","value":"use"},
  {"type":"TextWhitespace","value":"\n"},
  {"type":"LiteralString","value":"\"String\""},
  {"type":"TextWhitespace","value":" "},
  {"type":"Keyword","value":"use"},
  {"type":"TextWhitespace","value":"\n"},
  {"type":"LiteralString","value":"\"algorithm\""},
  {"type":"TextWhitespace","value":" "},
  {"type":"Keyword","value":"use"},
  {"type":"TextWhitespace","value":"\n"},
  {"type":"LiteralString","value":"\"control\""},
  {"type":"TextWhitespace","value":" "},
  {"type":"Keyword","value":"use"},
  {"type":"TextWhitespace","value":"\n\n"},
  {"type":"CommentSingle","value":"# Пример функции с использованием MPL синтаксиса"},
  {"type":"TextWhitespace","value":"\n"},
  {"type":"NameFunction","value":"calculateSum:"},
  {"type":"TextWhitespace","value":" "},
  {"type":"Punctuation","value":"["},
  {"type":"TextWhitespace","value":"\n    "},
  {"type":"NameFunction","value":"numbers:"},
  {"type":"TextWhitespace","value":" "},
  {"type":"KeywordType","value":"Int32"},
  {"type":"TextWhitespace","value":" "},
  {"type":"KeywordType","value":"Array"},
  {"type":"Punctuation","value":";"},
  {"type":"TextWhitespace","value":"\n    "},
  {"type":"NameFunction","value":"result:"},
  {"type":"TextWhitespace","value":" "},
  {"type":"LiteralNumber","value":"0"},
  {"type":"Punctuation","value":";"},
  {"type":"TextWhitespace","value":"\n    \n    "},
  {"type":"Name","value":"numbers"},
  {"type":"TextWhitespace","value":" "},
  {"type":"Name","value":"each"},
  {"type":"TextWhitespace","value":" "},
  {"type":"Punctuation","value":"["},
  {"type":"TextWhitespace","value":"\n        "},
  {"type":"Operator","value":"@"},
  {"type":"Name","value":"result"},
  {"type":"TextWhitespace","value":" "},
  {"type":"Operator","value":"+"},
  {"type":"TextWhitespace","value":" "},
  {"type":"Keyword","value":"new"},
  {"type":"TextWhitespace","value":" "},
  {"type":"Operator","value":"@"},
  {"type":"Name","value":"result"},
  {"type":"TextWhitespace","value":" "},
  {"type":"Keyword","value":"set"},
  {"type":"TextWhitespace","value":"\n    "},
  {"type":"Punctuation","value":"];"},
  {"type":"TextWhitespace","value":"\n    \n    "},
  {"type":"Name","value":"result"},
  {"type":"TextWhitespace","value":"\n"},
  {"type":"Punctuation","value":"];"},
  {"type":"TextWhitespace","value":"\n\n"},
  {"type":"CommentSingle","value":"# Пример использования условных операторов"},
  {"type":"TextWhitespace","value":"\n"},
  {"type":"NameFunction","value":"checkNumber:"},
  {"type":"TextWhitespace","value":" "},
  {"type":"Punctuation","value":"["},
  {"type":"TextWhitespace","value":"\n    "},
  {"type":"NameFunction","value":"n:"},
  {"type":"TextWhitespace","value":" "},
  {"type":"KeywordType","value":"Int32"},
  {"type":"Punctuation","value":";"},
  {"type":"TextWhitespace","value":"\n    "},
  {"type":"NameFunction","value":"result:"},
  {"type":"TextWhitespace","value":" "},
  {"type":"KeywordType","value":"String"},
  {"type":"Punctuation","value":";"},
  {"type":"TextWhitespace","value":"\n    \n    "},
  {"type":"Name","value":"n"},
  {"type":"TextWhitespace","value":" "},
  {"type":"LiteralNumber","value":"0"},
  {"type":"TextWhitespace","value":" "},
  {"type":"Operator","value":"\u003c"},
  {"type":"TextWhitespace","value":" "},
  {"type":"Punctuation","value":"["},
  {"type":"TextWhitespace","value":"\n        "},
  {"type":"LiteralString","value":"\"negative\""},
  {"type":"TextWhitespace","value":" "},
  {"type":"Operator","value":"@"},
  {"type":"Name","value":"result"},
  {"type":"TextWhitespace","value":" "},
  {"type":"Keyword","value":"set"},
  {"type":"TextWhitespace","value":"\n    "},
  {"type":"Punctuation","value":"]"},
  {"type":"TextWhitespace","value":" "},
  {"type":"Punctuation","value":"["},
  {"type":"TextWhitespace","value":"\n        "},
  {"type":"Name","value":"n"},
  {"type":"TextWhitespace","value":" "},
  {"type":"LiteralNumber","value":"0"},
  {"type":"TextWhitespace","value":" "},
  {"type":"Operator","value":"="},
  {"type":"TextWhitespace","value":" "},
  {"type":"Punctuation","value":"["},
  {"type":"TextWhitespace","value":"\n            "},
  {"type":"LiteralString","value":"\"zero\""},
  {"type":"TextWhitespace","value":" "},
  {"type":"Operator","value":"@"},
  {"type":"Name","value":"result"},
  {"type":"TextWhitespace","value":" "},
  {"type":"Keyword","value":"set"},
  {"type":"TextWhitespace","value":"\n        "},
  {"type":"Punctuation","value":"]"},
  {"type":"TextWhitespace","value":" "},
  {"type":"Punctuation","value":"["},
  {"type":"TextWhitespace","value":"\n            "},
  {"type":"LiteralString","value":"\"positive\""},
  {"type":"TextWhitespace","value":" "},
  {"type":"Operator","value":"@"},
  {"type":"Name","value":"result"},
  {"type":"TextWhitespace","value":" "},
  {"type":"Keyword","value":"set"},
  {"type":"TextWhitespace","value":"\n        "},
  {"type":"Punctuation","value":"]"},
  {"type":"TextWhitespace","value":" "},
  {"type":"Keyword","value":"if"},
  {"type":"TextWhitespace","value":"\n    "},
  {"type":"Punctuation","value":"]"},
  {"type":"TextWhitespace","value":" "},
  {"type":"Keyword","value":"if"},
  {"type":"Punctuation","value":";"},
  {"type":"TextWhitespace","value":"\n    \n    "},
  {"type":"Name","value":"result"},
  {"type":"TextWhitespace","value":"\n"},
  {"type":"Punctuation","value":"];"},
  {"type":"TextWhitespace","value":"\n\n"},
  {"type":"CommentSingle","value":"# Пример работы со строками"},
  {"type":"TextWhitespace","value":"\n"},
  {"type":"NameFunction","value":"formatMessage:"},
  {"type":"TextWhitespace","value":" "},
  {"type":"Punctuation","value":"["},
  {"type":"TextWhitespace","value":"\n    "},
  {"type":"NameFunction","value":"name:"},
  {"type":"TextWhitespace","value":" "},
  {"type":"LiteralString","value":"\"John\""},
  {"type":"TextWhitespace","value":" "},
  {"type":"Keyword","value":"toString"},
  {"type":"Punctuation","value":";"},
  {"type":"TextWhitespace","value":"\n    "},
  {"type":"NameFunction","value":"age:"},
  {"type":"TextWhitespace","value":" "},
  {"type":"LiteralNumber","value":"25"},
  {"type":"Punctuation","value":";"},
  {"type":"TextWhitespace","value":"\n    "},
  {"type":"NameFunction","value":"message:"},
  {"type":"TextWhitespace","value":" "},
  {"type":"Punctuation","value":"("},
  {"type":"LiteralString","value":"\"Hello, \""},
  {"type":"TextWhitespace","value":" "},
  {"type":"Name","value":"name"},
  {"type":"TextWhitespace","value":" "},
  {"type":"LiteralString","value":"\"! You are \""},
  {"type":"TextWhitespace","value":" "},
  {"type":"Name","value":"age"},
  {"type":"TextWhitespace","value":" "},
  {"type":"Keyword","value":"toString"},
  {"type":"TextWhitespace","value":" "},
  {"type":"LiteralString","value":"\" years old.\""},
  {"type":"Punctuation","value":")"},
  {"type":"TextWhitespace","value":" "},
  {"type":"Keyword","value":"assembleString"},
  {"type":"Punctuation","value":";"},
  {"type":"TextWhitespace","value":"\n    "},
  {"type":"Name","value":"message"},
  {"type":"TextWhitespace","value":"\n"},
  {"type":"Punctuation","value":"];"},
  {"type":"TextWhitespace","value":"\n\n"},
  {"type":"CommentSingle","value":"# Пример использования массивов"},
  {"type":"TextWhitespace","value":"\n"},
  {"type":"NameFunction","value":"processData:"},
  {"type":"TextWhitespace","value":" "},
  {"type":"Punctuation","value":"["},
  {"type":"TextWhitespace","value":"\n    "},
  {"type":"NameFunction","value":"data:"},
  {"type":"TextWhitespace","value":" "},
  {"type":"Punctuation","value":"("},
  {"type":"LiteralString","value":"\"apple\""},
  {"type":"TextWhitespace","value":" "},
  {"type":"LiteralString","value":"\"banana\""},
  {"type":"TextWhitespace","value":" "},
  {"type":"LiteralString","value":"\"orange\""},
  {"type":"Punctuation","value":")"},
  {"type":"TextWhitespace","value":" "},
  {"type":"Keyword","value":"toArray"},
  {"type":"Punctuation","value":";"},
  {"type":"TextWhitespace","value":"\n    "},
  {"type":"NameFunction","value":"result:"},
  {"type":"TextWhitespace","value":" "},
  {"type":"KeywordType","value":"String"},
  {"type":"TextWhitespace","value":" "},
  {"type":"KeywordType","value":"Array"},
  {"type":"Punctuation","value":";"},
  {"type":"TextWhitespace","value":"\n    \n    "},
  {"type":"Name","value":"data"},
  {"type":"TextWhitespace","value":" "},
  {"type":"Name","value":"each"},
  {"type":"TextWhitespace","value":" "},
  {"type":"Punctuation","value":"["},
  {"type":"TextWhitespace","value":"\n        "},
  {"type":"NameFunction","value":"item:"},
  {"type":"TextWhitespace","value":" "},
  {"type":"KeywordType","value":"String"},
  {"type":"Punctuation","value":";"},
  {"type":"TextWhitespace","value":"\n        "},
  {"type":"Punctuation","value":"("},
  {"type":"Name","value":"item"},
  {"type":"TextWhitespace","value":" "},
  {"type":"LiteralString","value":"\" (processed)\""},
  {"type":"Punctuation","value":")"},
  {"type":"TextWhitespace","value":" "},
  {"type":"Keyword","value":"assembleString"},
  {"type":"TextWhitespace","value":" "},
  {"type":"Operator","value":"@"},
  {"type":"Name","value":"result"},
  {"type":"Punctuation","value":"."},
  {"type":"Keyword","value":"cat"},
  {"type":"TextWhitespace","value":"\n    "},
  {"type":"Punctuation","value":"];"},
  {"type":"TextWhitespace","value":"\n    \n    "},
  {"type":"Name","value":"result"},
  {"type":"TextWhitespace","value":"\n"},
  {"type":"Punctuation","value":"];"},
  {"type":"TextWhitespace","value":"\n\n"},
  {"type":"Name","value":"function"},
  {"type":"TextWhitespace","value":" "},
  {"type":"Name","value":"main"},
  {"type":"Punctuation","value":"()"},
  {"type":"TextWhitespace","value":" "},
  {"type":"Punctuation","value":"{"},
  {"type":"TextWhitespace","value":"\n    "},
  {"type":"NameFunction","value":"x:"},
  {"type":"TextWhitespace","value":" "},
  {"type":"KeywordType","value":"Int32"},
  {"type":"TextWhitespace","value":" "},
  {"type":"Operator","value":"="},
  {"type":"TextWhitespace","value":" "},
  {"type":"LiteralNumber","value":"10"},
  {"type":"Punctuation","value":";"},
  {"type":"TextWhitespace","value":"\n    "},
  {"type":"NameFunction","value":"y:"},
  {"type":"TextWhitespace","value":" "},
  {"type":"KeywordType","value":"Real64"},
  {"type":"TextWhitespace","value":" "},
  {"type":"Operator","value":"="},
  {"type":"TextWhitespace","value":" "},
  {"type":"LiteralNumber","value":"3.14"},
  {"type":"Punctuation","value":";"},
  {"type":"TextWhitespace","value":"\n    "},
  {"type":"NameFunction","value":"z:"},
  {"type":"TextWhitespace","value":" "},
  {"type":"KeywordType","value":"String"},
  {"type":"TextWhitespace","value":" "},
  {"type":"Operator","value":"="},
  {"type":"TextWhitespace","value":" "},
  {"type":"LiteralString","value":"\"Hello, MPL!\""},
  {"type":"Punctuation","value":";"},
  {"type":"TextWhitespace","value":"\n    \n    "},
  {"type":"Punctuation","value":"["},
  {"type":"Name","value":"x"},
  {"type":"TextWhitespace","value":" "},
  {"type":"LiteralNumber","value":"5"},
  {"type":"TextWhitespace","value":" "},
  {"type":"Operator","value":"\u003e"},
  {"type":"Punctuation","value":"]"},
  {"type":"TextWhitespace","value":" "},
  {"type":"Punctuation","value":"["},
  {"type":"TextWhitespace","value":"\n        "},
  {"type":"Name","value":"z"},
  {"type":"TextWhitespace","value":" "},
  {"type":"Keyword","value":"printList"},
  {"type":"TextWhitespace","value":"\n    "},
  {"type":"Punctuation","value":"]"},
  {"type":"TextWhitespace","value":" "},
  {"type":"Keyword","value":"when"},
  {"type":"TextWhitespace","value":"\n    \n    "},
  {"type":"Punctuation","value":"["},
  {"type":"NameFunction","value":"i:"},
  {"type":"TextWhitespace","value":" "},
  {"type":"KeywordType","value":"Int32"},
  {"type":"TextWhitespace","value":" "},
  {"type":"Operator","value":"="},
  {"type":"TextWhitespace","value":" "},
  {"type":"LiteralNumber","value":"0"},
  {"type":"Punctuation","value":";"},
  {"type":"TextWhitespace","value":" "},
  {"type":"Name","value":"i"},
  {"type":"TextWhitespace","value":" "},
  {"type":"LiteralNumber","value":"5"},
  {"type":"TextWhitespace","value":" "},
  {"type":"Operator","value":"\u003c"},
  {"type":"Punctuation","value":";"},
  {"type":"TextWhitespace","value":" "},
  {"type":"Name","value":"i"},
  {"type":"TextWhitespace","value":" "},
  {"type":"LiteralNumber","value":"1"},
  {"type":"TextWhitespace","value":" "},
  {"type":"Operator","value":"+"},
  {"type":"TextWhitespace","value":" "},
  {"type":"Operator","value":"!"},
  {"type":"Name","value":"i"},
  {"type":"Punctuation","value":"]"},
  {"type":"TextWhitespace","value":" "},
  {"type":"Punctuation","value":"["},
  {"type":"TextWhitespace","value":"\n        "},
  {"type":"Name","value":"i"},
  {"type":"TextWhitespace","value":" "},
  {"type":"Keyword","value":"printList"},
  {"type":"TextWhitespace","value":"\n    "},
  {"type":"Punctuation","value":"]"},
  {"type":"TextWhitespace","value":" "},
  {"type":"Name","value":"for"},
  {"type":"TextWhitespace","value":"\n    \n    "},
  {"type":"LiteralNumber","value":"0"},
  {"type":"TextWhitespace","value":"\n"},
  {"type":"Punctuation","value":"}"},
  {"type":"TextWhitespace","value":" "}
]
